
ec: system execution failed.
Following is the set of recorded exceptions:

******************************** Thread exception *****************************
In thread           Root thread            0x0 (thread id)
*******************************************************************************
-------------------------------------------------------------------------------
Class / Object      Routine                Nature of exception           Effect
-------------------------------------------------------------------------------
CONSOLE             put_string @4          FILE: unable to write STRING object.:
<00000223D2C9C9A8>                         Runtime I/O error.            Fail
-------------------------------------------------------------------------------
CONSOLE             put_string @4                                       
<00000223D2C9C9A8>                         Routine failure.              Fail
-------------------------------------------------------------------------------
CONSOLE             put_string_general @17                              
<00000223D2C9C9A8>  (From PLAIN_TEXT_FILE) Routine failure.              Fail
-------------------------------------------------------------------------------
CONSOLE             put_string_32 @1                                    
<00000223D2C9C9A8>  (From PLAIN_TEXT_FILE) Routine failure.              Fail
-------------------------------------------------------------------------------
TERM_WINDOW         localized_print_error @4
<00000223D2B7B278>  (From LOCALIZED_PRINTER)
                                           Routine failure.              Fail
-------------------------------------------------------------------------------
TERM_WINDOW         put_string @1                                       
<00000223D2B7B278>                         Routine failure.              Fail
-------------------------------------------------------------------------------
TERM_WINDOW         put_quoted_comment @1                               
<00000223D2B7B278>  (From OUTPUT_WINDOW)   Routine failure.              Fail
-------------------------------------------------------------------------------
TERM_WINDOW         process_quoted_text @1                              
<00000223D2B7B278>  (From OUTPUT_WINDOW)   Routine failure.              Fail
-------------------------------------------------------------------------------
COMMENT_SCANNER     add_text @4                                         
<00000223D18622B8>  (From COMMENT_SCANNER_SKELETON)
                                           Routine failure.              Fail
-------------------------------------------------------------------------------
COMMENT_SCANNER     add_quote_feature @26                               
<00000223D18622B8>  (From COMMENT_SCANNER_SKELETON)
                                           Routine failure.              Fail
-------------------------------------------------------------------------------
COMMENT_SCANNER     yy_execute_action @11                               
<00000223D18622B8>                         Routine failure.              Fail
-------------------------------------------------------------------------------
COMMENT_SCANNER     read_token @149                                     
<00000223D18622B8>  (From YY_COMPRESSED_SCANNER_SKELETON)
                                           Routine failure.              Fail
-------------------------------------------------------------------------------
COMMENT_SCANNER     scan @1                                             
<00000223D18622B8>  (From YY_SCANNER)      Routine failure.              Fail
-------------------------------------------------------------------------------
TERM_WINDOW         separate_string @7                                  
<00000223D2B7B278>  (From TEXT_FORMATTER)  Routine failure.              Fail
-------------------------------------------------------------------------------
TERM_WINDOW         add_comment_text @1                                 
<00000223D2B7B278>  (From TEXT_OPERATOR)   Routine failure.              Fail
-------------------------------------------------------------------------------
TEXT_FORMATTER_DECORATOR
                    put_comment_text @5    
<00000223D1780D98>                         Routine failure.              Fail
-------------------------------------------------------------------------------
TEXT_FORMATTER_DECORATOR
                    put_comments @6        
<00000223D1780D98>                         Routine failure.              Fail
-------------------------------------------------------------------------------
AST_DECORATED_OUTPUT_STRATEGY
                    process_routine_as @20 
<00000223D17F9828>                         Routine failure.              Fail
-------------------------------------------------------------------------------
ROUTINE_AS          process @1                                          
<00000223D17A8A18>                         Routine failure.              Fail
-------------------------------------------------------------------------------
AST_DECORATED_OUTPUT_STRATEGY
                    safe_process @2        
<00000223D17F9828>  (From AST_VISITOR)     Routine failure.              Fail
-------------------------------------------------------------------------------
AST_DECORATED_OUTPUT_STRATEGY
                    process_body_as @28    
<00000223D17F9828>                         Routine failure.              Fail
-------------------------------------------------------------------------------
BODY_AS             process @1                                          
<00000223D17A8758>                         Routine failure.              Fail
-------------------------------------------------------------------------------
AST_DECORATED_OUTPUT_STRATEGY
                    process_feature_as @11 
<00000223D17F9828>                         Routine failure.              Fail
-------------------------------------------------------------------------------
FEATURE_AS          process @1                                          
<00000223D17A8668>                         Routine failure.              Fail
-------------------------------------------------------------------------------
AST_DECORATED_OUTPUT_STRATEGY
                    format @1              
<00000223D17F9828>                         Routine failure.              Fail
-------------------------------------------------------------------------------
TEXT_FORMATTER_DECORATOR
                    format_ast @1          
<00000223D1780D98>                         Routine failure.              Fail
-------------------------------------------------------------------------------
FEATURE_ADAPTER     format @8                                           
<00000223D17A8628>                         Routine failure.              Fail
-------------------------------------------------------------------------------
FEATURE_CLAUSE_EXPORT
                    format @22             
<00000223D179F948>                         Routine failure.              Fail
-------------------------------------------------------------------------------
CATEGORY            format @3                                           
<00000223D179F7E8>                         Routine failure.              Fail
-------------------------------------------------------------------------------
FORMAT_REGISTRATION format_categories @7                                
<00000223D1780EC8>                         Routine failure.              Fail
-------------------------------------------------------------------------------
TEXT_FORMATTER_DECORATOR
                    format_categories @1   
<00000223D1780D98>                         Routine failure.              Fail
-------------------------------------------------------------------------------
AST_DECORATED_OUTPUT_STRATEGY
                    share_class_processing @69
<00000223D17F9828>                         Routine failure.              Fail
-------------------------------------------------------------------------------
AST_DECORATED_OUTPUT_STRATEGY
                    process_class_as @4    
<00000223D17F9828>                         Routine failure.              Fail
-------------------------------------------------------------------------------
CLASS_AS            process @1                                          
<00000223D3933AE8>                         Routine failure.              Fail
-------------------------------------------------------------------------------
AST_DECORATED_OUTPUT_STRATEGY
                    format @1              
<00000223D17F9828>                         Routine failure.              Fail
-------------------------------------------------------------------------------
TEXT_FORMATTER_DECORATOR
                    execute @17            
<00000223D1780D98>                         Routine failure.              Rescue
-------------------------------------------------------------------------------
CLASS_TEXT_FORMATTER
                    format @15             
<00000223D1780D68>                         Routine failure.              Fail
-------------------------------------------------------------------------------
E_SHOW_FS           execute @4                                          
<00000223D1780C48>                         Routine failure.              Fail
-------------------------------------------------------------------------------
EWB_FS              process_compiled_class @8
<00000223D2B76EE8>  (From EWB_FILTER_CLASS)
                                           Routine failure.              Fail
-------------------------------------------------------------------------------
EWB_FS              execute @43                                         
<00000223D2B76EE8>  (From EWB_CLASS)       Routine failure.              Fail
-------------------------------------------------------------------------------
ES_BATCH            execute @49                                         
<00000223D2BFB508>  (From ES)              Routine failure.              Rescue
-------------------------------------------------------------------------------
~~~~~~~~~~~~~~~~~~~~~~~~~~~~~~~ entering level 1 ~~~~~~~~~~~~~~~~~~~~~~~~~~~~~~
-------------------------------------------------------------------------------
CONSOLE             put_string @4          FILE: unable to write STRING object.:
<00000223D2C9C9A8>                         Runtime I/O error.            Fail
-------------------------------------------------------------------------------
CONSOLE             put_string @4                                       
<00000223D2C9C9A8>                         Routine failure.              Fail
-------------------------------------------------------------------------------
CONSOLE             put_string_general @17                              
<00000223D2C9C9A8>  (From PLAIN_TEXT_FILE) Routine failure.              Fail
-------------------------------------------------------------------------------
CONSOLE             put_string_32 @1                                    
<00000223D2C9C9A8>  (From PLAIN_TEXT_FILE) Routine failure.              Fail
-------------------------------------------------------------------------------
ES_BATCH            localized_print_error @4
<00000223D2BFB508>  (From LOCALIZED_PRINTER)
                                           Routine failure.              Fail
-------------------------------------------------------------------------------
~~~~~~~~~~~~~~~~~~~~~~~~~~~~~~~ back to level 0 ~~~~~~~~~~~~~~~~~~~~~~~~~~~~~~~
-------------------------------------------------------------------------------
ES_BATCH            execute @69                                         
<00000223D2BFB508>  (From ES)              Exception in rescue clause.   Fail
-------------------------------------------------------------------------------
ES_BATCH            make @13                                            
<00000223D2BFB508>  (From ES)              Routine failure.              Fail
-------------------------------------------------------------------------------
EB_KERNEL           make @5                                             
<00000223D2AA69E8>                         Routine failure.              Fail
-------------------------------------------------------------------------------
EB_KERNEL           root's creation                                     
<00000223D2AA69E8>                         Routine failure.              Exit
-------------------------------------------------------------------------------
